// Jest Snapshot v1, https://goo.gl/fbAQLP

exports[`Filter: <Selected /> should not render without selected 1`] = `""`;

exports[`Filter: <Selected /> should render with selected 1`] = `
<div>
  <span
    className={
      Object {
        "data-css-xm5bud": "",
      }
    }
  >
    fooLabel
  </span>
</div>
`;
