// Jest Snapshot v1, https://goo.gl/fbAQLP

exports[`CTAs (product header) Rendering should render CTAButtons when data is available 1`] = `
<Provider
  store={
    Object {
      "clearActions": [Function],
      "dispatch": [Function],
      "getActions": [Function],
      "getState": [Function],
      "replaceReducer": [Function],
      "subscribe": [Function],
    }
  }
>
  <Connect(CTAButtons)>
    <CTAButtons
      handleAddToCart={[Function]}
      isDisabled={false}
      isFavorite={true}
      isLoading={true}
      isOrderable={false}
      productId="product_1"
    >
      <div
        className="css-7azkrx"
      >
        <Portal
          name="product.ctas.favorites.before"
          props={null}
        />
        <Portal
          name="product.ctas.favorites"
          props={null}
        >
          <Connect(FavoritesButton)
            active={true}
            className="css-13l587d"
            productId="product_1"
            rippleClassName="css-1tdptiz"
          >
            <FavoritesButton
              active={true}
              addFavorites={[Function]}
              className="css-13l587d"
              noShadow={false}
              onRippleComplete={[Function]}
              once={false}
              productId="product_1"
              removeFavorites={[Function]}
              removeThrottle={0}
              removeWithRelatives={false}
              rippleClassName="css-1tdptiz"
            />
          </Connect(FavoritesButton)>
        </Portal>
        <Portal
          name="product.ctas.favorites.after"
          props={null}
        />
        <Portal
          name="product.ctas.add-to-cart.before"
          props={null}
        />
        <Portal
          name="product.ctas.add-to-cart"
          props={null}
        >
          <MockedAddToCartButton
            buttonSize={56}
            handleAddToCart={[Function]}
            iconSize={24}
            isDisabled={false}
            isLoading={true}
            isOrderable={false}
          >
            <button
              onClick={[Function]}
            />
          </MockedAddToCartButton>
        </Portal>
        <Portal
          name="product.ctas.add-to-cart.after"
          props={null}
        />
      </div>
    </CTAButtons>
  </Connect(CTAButtons)>
</Provider>
`;
